STATUS: 500
BODY: {"status":"error","error":{"statusCode":500,"status":"error"},"message":"Operation `users.findOne()` buffering timed out after 10000ms","stack":"MongooseError: Operation `users.findOne()` buffering timed out after 10000ms\n    at Timeout._onTimeout (C:\\Users\\hp\\OneDrive\\Desktop\\Ai based legal Assistance and Lawyer Directory\\ai-legal-assistance-platform\\backend\\node_modules\\mongoose\\lib\\drivers\\node-mongodb-native\\collection.js:131:25)\n    at listOnTimeout (node:internal/timers:588:17)\n    at process.processTimers (node:internal/timers:523:7)"}